// Jest Snapshot v1, https://goo.gl/fbAQLP

exports[`fixtures basic program builds 1`] = `
Array [
  "Creating an optimized production build...",
  "Compiled successfully.",
]
`;
